
╔══════════════════════════════════════════════════════════════════════════════╗
║                              📊 API TEST RESULTS                             ║
╠══════════════════════════════════════════════════════════════════════════════╣
║ Test Suite                    │ Test Name                    │ Status │ Time ║
╟──────────────────────────────────────────────────────────────────────────────╢
║ Test Suite                     │ Test Name                      │ PASS   │ 100ms ║
╟──────────────────────────────────────────────────────────────────────────────╢
║ Total Tests: 1                                                                 ║
║ ✅ Passed: 1                                                                   ║
║ ❌ Failed: 0                                                                   ║
║ 📊 Pass Rate: 100.0%                                                           ║
╚══════════════════════════════════════════════════════════════════════════════╝
